\BOOKMARK [1][-]{section.1}{\376\377\000P\000a\000r\000t\000\040\000A\000:\000\040\000S\000p\000a\000r\000s\000e\000\040\000L\000i\000n\000e\000a\000r\000\040\000P\000r\000e\000d\000i\000c\000t\000o\000r\000s\000\040\000a\000n\000d\000\040\000M\000o\000d\000e\000l\000\040\000S\000e\000l\000e\000c\000t\000i\000o\000n}{}% 1
\BOOKMARK [2][-]{subsection.1.1}{\376\377\000P\000r\000o\000b\000l\000e\000m\000\040\0001\000.\000\040\000V\000C\000\040\000D\000i\000m\000e\000n\000s\000i\000o\000n\000\040\000T\000h\000r\000o\000u\000g\000h\000\040\000S\000u\000p\000p\000o\000r\000t\000s}{section.1}% 2
\BOOKMARK [2][-]{subsection.1.2}{\376\377\000P\000r\000o\000b\000l\000e\000m\000\040\0002\000.\000\040\000P\000e\000n\000a\000l\000t\000y\000-\000B\000a\000s\000e\000d\000\040\000S\000R\000M}{section.1}% 3
\BOOKMARK [3][-]{subsubsection.1.2.1}{\376\377\000I\000n\000t\000e\000r\000p\000r\000e\000t\000a\000t\000i\000o\000n\000\040\000o\000f\000\040\000t\000h\000e\000\040\000P\000e\000n\000a\000l\000t\000y}{subsection.1.2}% 4
\BOOKMARK [2][-]{subsection.1.3}{\376\377\000P\000r\000o\000b\000l\000e\000m\000\040\0003\000.\000\040\000C\000o\000m\000p\000a\000r\000i\000s\000o\000n\000\040\000w\000i\000t\000h\000\040\000D\000e\000n\000s\000e\000\040\000H\000a\000l\000f\000s\000p\000a\000c\000e\000s}{section.1}% 5
\BOOKMARK [2][-]{subsection.1.4}{\376\377\000P\000r\000o\000b\000l\000e\000m\000\040\0004\000.\000\040\000V\000a\000l\000i\000d\000a\000t\000i\000o\000n\000\040\000a\000s\000\040\000M\000o\000d\000e\000l\000\040\000S\000e\000l\000e\000c\000t\000i\000o\000n}{section.1}% 6
\BOOKMARK [3][-]{subsubsection.1.4.1}{\376\377\000S\000t\000e\000p\000\040\0001\000:\000\040\000C\000o\000n\000t\000r\000o\000l\000\040\000t\000h\000e\000\040\000P\000r\000e\000d\000i\000c\000t\000o\000r\000s\000\040\000T\000r\000a\000i\000n\000e\000d\000\040\000o\000n\000\040\000S\0001}{subsection.1.4}% 7
\BOOKMARK [3][-]{subsubsection.1.4.2}{\376\377\000S\000t\000e\000p\000\040\0002\000:\000\040\000U\000s\000e\000\040\000S\0002\000\040\000t\000o\000\040\000C\000o\000m\000p\000a\000r\000e\000\040\000t\000h\000e\000\040\000d\000\040\000C\000a\000n\000d\000i\000d\000a\000t\000e\000s}{subsection.1.4}% 8
\BOOKMARK [3][-]{subsubsection.1.4.3}{\376\377\000S\000t\000e\000p\000\040\0003\000:\000\040\000C\000o\000m\000b\000i\000n\000e\000\040\000t\000h\000e\000\040\000T\000w\000o\000\040\000E\000v\000e\000n\000t\000s}{subsection.1.4}% 9
\BOOKMARK [3][-]{subsubsection.1.4.4}{\376\377\000C\000o\000m\000p\000a\000r\000i\000s\000o\000n\000\040\000w\000i\000t\000h\000\040\000P\000e\000n\000a\000l\000t\000y\000-\000B\000a\000s\000e\000d\000\040\000S\000R\000M}{subsection.1.4}% 10
\BOOKMARK [2][-]{subsection.1.5}{\376\377\000P\000r\000o\000b\000l\000e\000m\000\040\0005\000.\000\040\000C\000o\000m\000p\000u\000t\000a\000t\000i\000o\000n}{section.1}% 11
\BOOKMARK [3][-]{subsubsection.1.5.1}{\376\377\000B\000r\000u\000t\000e\000-\000F\000o\000r\000c\000e\000\040\000A\000l\000g\000o\000r\000i\000t\000h\000m}{subsection.1.5}% 12
\BOOKMARK [3][-]{subsubsection.1.5.2}{\376\377\000R\000u\000n\000t\000i\000m\000e}{subsection.1.5}% 13
\BOOKMARK [3][-]{subsubsection.1.5.3}{\376\377\000W\000h\000e\000n\000\040\000I\000s\000\040\000T\000h\000i\000s\000\040\000P\000o\000l\000y\000n\000o\000m\000i\000a\000l\000\040\000i\000n\000\040\000d\000?}{subsection.1.5}% 14
\BOOKMARK [3][-]{subsubsection.1.5.4}{\376\377\000L\000e\000s\000s\000o\000n}{subsection.1.5}% 15
\BOOKMARK [1][-]{section.2}{\376\377\000P\000a\000r\000t\000\040\000B\000:\000\040\000P\000A\000C\000-\000B\000a\000y\000e\000s\000\040\000f\000o\000r\000\040\000T\000h\000r\000e\000s\000h\000o\000l\000d\000s}{}% 16
\BOOKMARK [2][-]{subsection.2.1}{\376\377\000P\000r\000o\000b\000l\000e\000m\000\040\0001\000.\000\040\000V\000C\000\040\000D\000i\000m\000e\000n\000s\000i\000o\000n\000\040\000a\000n\000d\000\040\000P\000o\000i\000n\000t\000-\000P\000o\000s\000t\000e\000r\000i\000o\000r\000\040\000P\000A\000C\000-\000B\000a\000y\000e\000s}{section.2}% 17
\BOOKMARK [3][-]{subsubsection.2.1.1}{\376\377\000V\000C\000\040\000D\000i\000m\000e\000n\000s\000i\000o\000n}{subsection.2.1}% 18
\BOOKMARK [3][-]{subsubsection.2.1.2}{\376\377\000P\000o\000i\000n\000t\000\040\000P\000o\000s\000t\000e\000r\000i\000o\000r}{subsection.2.1}% 19
\BOOKMARK [3][-]{subsubsection.2.1.3}{\376\377\000W\000h\000y\000\040\000T\000h\000i\000s\000\040\000D\000e\000p\000e\000n\000d\000s\000\040\000o\000n\000\040\000l\000o\000g\000\040\000N}{subsection.2.1}% 20
\BOOKMARK [2][-]{subsection.2.2}{\376\377\000P\000r\000o\000b\000l\000e\000m\000\040\0002\000.\000\040\000V\000e\000r\000s\000i\000o\000n\000-\000S\000p\000a\000c\000e\000\040\000P\000o\000s\000t\000e\000r\000i\000o\000r}{section.2}% 21
\BOOKMARK [3][-]{subsubsection.2.2.1}{\376\377\000D\000e\000s\000c\000r\000i\000p\000t\000i\000o\000n\000\040\000o\000f\000\040\000t\000h\000e\000\040\000V\000e\000r\000s\000i\000o\000n\000\040\000S\000p\000a\000c\000e}{subsection.2.2}% 22
\BOOKMARK [3][-]{subsubsection.2.2.2}{\376\377\000K\000L\000\040\000o\000f\000\040\000t\000h\000e\000\040\000U\000n\000i\000f\000o\000r\000m\000\040\000V\000e\000r\000s\000i\000o\000n\000-\000S\000p\000a\000c\000e\000\040\000P\000o\000s\000t\000e\000r\000i\000o\000r}{subsection.2.2}% 23
\BOOKMARK [3][-]{subsubsection.2.2.3}{\376\377\000E\000m\000p\000i\000r\000i\000c\000a\000l\000\040\000R\000i\000s\000k}{subsection.2.2}% 24
\BOOKMARK [3][-]{subsubsection.2.2.4}{\376\377\000W\000h\000y\000\040\000I\000t\000\040\000C\000a\000n\000\040\000B\000e\000\040\000B\000e\000t\000t\000e\000r\000\040\000T\000h\000a\000n\000\040\000a\000\040\000P\000o\000i\000n\000t\000\040\000P\000o\000s\000t\000e\000r\000i\000o\000r}{subsection.2.2}% 25
\BOOKMARK [2][-]{subsection.2.3}{\376\377\000P\000r\000o\000b\000l\000e\000m\000\040\0003\000.\000\040\000S\000p\000r\000e\000a\000d\000i\000n\000g\000\040\000H\000e\000l\000p\000s\000\040\000K\000L\000,\000\040\000b\000u\000t\000\040\000C\000a\000n\000\040\000H\000u\000r\000t\000\040\000T\000r\000u\000e\000\040\000R\000i\000s\000k}{section.2}% 26
\BOOKMARK [3][-]{subsubsection.2.3.1}{\376\377\000R\000i\000s\000k\000\040\000F\000o\000r\000m\000u\000l\000a}{subsection.2.3}% 27
\BOOKMARK [3][-]{subsubsection.2.3.2}{\376\377\000C\000o\000n\000c\000r\000e\000t\000e\000\040\000E\000x\000a\000m\000p\000l\000e}{subsection.2.3}% 28
\BOOKMARK [3][-]{subsubsection.2.3.3}{\376\377\000W\000h\000y\000\040\000T\000h\000i\000s\000\040\000D\000o\000e\000s\000\040\000N\000o\000t\000\040\000C\000o\000n\000t\000r\000a\000d\000i\000c\000t\000\040\000P\000A\000C\000-\000B\000a\000y\000e\000s}{subsection.2.3}% 29
\BOOKMARK [2][-]{subsection.2.4}{\376\377\000P\000r\000o\000b\000l\000e\000m\000\040\0004\000.\000\040\000E\000v\000e\000r\000y\000\040\000F\000i\000x\000e\000d\000\040\000P\000r\000i\000o\000r\000\040\000C\000a\000n\000\040\000B\000e\000\040\000A\000t\000t\000a\000c\000k\000e\000d}{section.2}% 30
\BOOKMARK [3][-]{subsubsection.2.4.1}{\376\377\000C\000h\000o\000o\000s\000e\000\040\000a\000\040\000L\000o\000w\000-\000M\000a\000s\000s\000\040\000I\000n\000t\000e\000r\000n\000a\000l\000\040\000T\000h\000r\000e\000s\000h\000o\000l\000d}{subsection.2.4}% 31
\BOOKMARK [3][-]{subsubsection.2.4.2}{\376\377\000A\000\040\000R\000e\000a\000l\000i\000z\000a\000b\000l\000e\000\040\000A\000d\000v\000e\000r\000s\000a\000r\000i\000a\000l\000\040\000D\000i\000s\000t\000r\000i\000b\000u\000t\000i\000o\000n}{subsection.2.4}% 32
\BOOKMARK [3][-]{subsubsection.2.4.3}{\376\377\000T\000h\000e\000\040\000V\000e\000r\000s\000i\000o\000n\000\040\000S\000p\000a\000c\000e\000\040\000C\000o\000l\000l\000a\000p\000s\000e\000s}{subsection.2.4}% 33
\BOOKMARK [3][-]{subsubsection.2.4.4}{\376\377\000A\000n\000y\000\040\000Z\000e\000r\000o\000-\000E\000m\000p\000i\000r\000i\000c\000a\000l\000-\000E\000r\000r\000o\000r\000\040\000P\000o\000s\000t\000e\000r\000i\000o\000r\000\040\000M\000u\000s\000t\000\040\000B\000e\000\040\000a\000\040\000P\000o\000i\000n\000t\000\040\000M\000a\000s\000s}{subsection.2.4}% 34
\BOOKMARK [3][-]{subsubsection.2.4.5}{\376\377\000W\000h\000a\000t\000\040\000T\000h\000i\000s\000\040\000D\000o\000e\000s\000\040\000a\000n\000d\000\040\000D\000o\000e\000s\000\040\000N\000o\000t\000\040\000S\000h\000o\000w}{subsection.2.4}% 35
\BOOKMARK [1][-]{section.3}{\376\377\000P\000a\000r\000t\000\040\000C\000:\000\040\000A\000I\000\040\000U\000s\000a\000g\000e\000\040\000R\000e\000p\000o\000r\000t}{}% 36
