\BOOKMARK [1][-]{section.1}{\376\377\000P\000a\000r\000t\000\040\000A\000:\000\040\000A\000\040\000M\000i\000n\000i\000-\000C\000o\000u\000r\000s\000e\000\040\000o\000n\000\040\000C\000o\000n\000c\000e\000n\000t\000r\000a\000t\000i\000o\000n\000\040\000I\000n\000e\000q\000u\000a\000l\000i\000t\000i\000e\000s}{}% 1
\BOOKMARK [2][-]{subsection.1.1}{\376\377\000N\000o\000t\000a\000t\000i\000o\000n\000\040\000a\000n\000d\000\040\000S\000e\000t\000u\000p}{section.1}% 2
\BOOKMARK [2][-]{subsection.1.2}{\376\377\000T\000h\000e\000\040\000C\000o\000n\000c\000e\000p\000t\000\040\000o\000f\000\040\000C\000o\000n\000c\000e\000n\000t\000r\000a\000t\000i\000o\000n}{section.1}% 3
\BOOKMARK [3][-]{subsubsection.1.2.1}{\376\377\000W\000h\000a\000t\000\040\000C\000o\000n\000c\000e\000n\000t\000r\000a\000t\000i\000o\000n\000\040\000M\000e\000a\000n\000s}{subsection.1.2}% 4
\BOOKMARK [3][-]{subsubsection.1.2.2}{\376\377\000W\000h\000y\000\040\000T\000h\000i\000s\000\040\000S\000h\000o\000u\000l\000d\000\040\000H\000a\000p\000p\000e\000n}{subsection.1.2}% 5
\BOOKMARK [3][-]{subsubsection.1.2.3}{\376\377\000C\000o\000n\000c\000r\000e\000t\000e\000\040\000E\000x\000a\000m\000p\000l\000e}{subsection.1.2}% 6
\BOOKMARK [2][-]{subsection.1.3}{\376\377\000T\000h\000e\000\040\000C\000o\000m\000m\000o\000n\000\040\000T\000e\000c\000h\000n\000i\000q\000u\000e\000:\000\040\000M\000G\000F\000\040\000a\000n\000d\000\040\000C\000h\000e\000r\000n\000o\000f\000f\000\040\000B\000o\000u\000n\000d\000s}{section.1}% 7
\BOOKMARK [3][-]{subsubsection.1.3.1}{\376\377\000T\000h\000e\000\040\000M\000G\000F\000\040\000P\000o\000i\000n\000t\000\040\000o\000f\000\040\000V\000i\000e\000w}{subsection.1.3}% 8
\BOOKMARK [3][-]{subsubsection.1.3.2}{\376\377\000C\000h\000e\000r\000n\000o\000f\000f\000\040\000B\000o\000u\000n\000d\000\040\000a\000s\000\040\000t\000h\000e\000\040\000G\000e\000n\000e\000r\000a\000l\000\040\000T\000e\000m\000p\000l\000a\000t\000e}{subsection.1.3}% 9
\BOOKMARK [3][-]{subsubsection.1.3.3}{\376\377\000W\000h\000a\000t\000\040\000N\000e\000e\000d\000s\000\040\000t\000o\000\040\000B\000e\000\040\000C\000o\000n\000t\000r\000o\000l\000l\000e\000d}{subsection.1.3}% 10
\BOOKMARK [3][-]{subsubsection.1.3.4}{\376\377\000T\000h\000e\000\040\000B\000o\000u\000n\000d\000e\000d\000-\000D\000i\000f\000f\000e\000r\000e\000n\000c\000e\000s\000\040\000V\000a\000r\000i\000a\000n\000t}{subsection.1.3}% 11
\BOOKMARK [2][-]{subsection.1.4}{\376\377\000T\000h\000e\000o\000r\000e\000m\000\040\000S\000t\000a\000t\000e\000m\000e\000n\000t\000s\000,\000\040\000A\000s\000s\000u\000m\000p\000t\000i\000o\000n\000s\000,\000\040\000a\000n\000d\000\040\000C\000o\000n\000s\000e\000q\000u\000e\000n\000c\000e\000s}{section.1}% 12
\BOOKMARK [3][-]{subsubsection.1.4.1}{\376\377\000H\000o\000e\000f\000f\000d\000i\000n\000g\000'\000s\000\040\000I\000n\000e\000q\000u\000a\000l\000i\000t\000y}{subsection.1.4}% 13
\BOOKMARK [3][-]{subsubsection.1.4.2}{\376\377\000S\000a\000m\000p\000l\000i\000n\000g\000\040\000W\000i\000t\000h\000o\000u\000t\000\040\000R\000e\000p\000l\000a\000c\000e\000m\000e\000n\000t}{subsection.1.4}% 14
\BOOKMARK [3][-]{subsubsection.1.4.3}{\376\377\000M\000c\000D\000i\000a\000r\000m\000i\000d\000'\000s\000\040\000I\000n\000e\000q\000u\000a\000l\000i\000t\000y}{subsection.1.4}% 15
\BOOKMARK [3][-]{subsubsection.1.4.4}{\376\377\000B\000e\000r\000n\000s\000t\000e\000i\000n\000'\000s\000\040\000I\000n\000e\000q\000u\000a\000l\000i\000t\000y}{subsection.1.4}% 16
\BOOKMARK [3][-]{subsubsection.1.4.5}{\376\377\000C\000o\000m\000p\000a\000r\000i\000s\000o\000n\000\040\000o\000f\000\040\000t\000h\000e\000\040\000F\000o\000u\000r\000\040\000I\000n\000e\000q\000u\000a\000l\000i\000t\000i\000e\000s}{subsection.1.4}% 17
\BOOKMARK [2][-]{subsection.1.5}{\376\377\000P\000r\000o\000o\000f\000s}{section.1}% 18
\BOOKMARK [3][-]{subsubsection.1.5.1}{\376\377\000A\000\040\000R\000e\000u\000s\000a\000b\000l\000e\000\040\000M\000G\000F\000\040\000L\000e\000m\000m\000a}{subsection.1.5}% 19
\BOOKMARK [3][-]{subsubsection.1.5.2}{\376\377\000P\000r\000o\000o\000f\000\040\000o\000f\000\040\000H\000o\000e\000f\000f\000d\000i\000n\000g\000'\000s\000\040\000I\000n\000e\000q\000u\000a\000l\000i\000t\000y}{subsection.1.5}% 20
\BOOKMARK [3][-]{subsubsection.1.5.3}{\376\377\000T\000h\000e\000\040\000K\000e\000y\000\040\000T\000r\000i\000c\000k\000\040\000f\000o\000r\000\040\000S\000a\000m\000p\000l\000i\000n\000g\000\040\000W\000i\000t\000h\000o\000u\000t\000\040\000R\000e\000p\000l\000a\000c\000e\000m\000e\000n\000t}{subsection.1.5}% 21
\BOOKMARK [3][-]{subsubsection.1.5.4}{\376\377\000P\000r\000o\000o\000f\000\040\000o\000f\000\040\000M\000c\000D\000i\000a\000r\000m\000i\000d\000'\000s\000\040\000I\000n\000e\000q\000u\000a\000l\000i\000t\000y}{subsection.1.5}% 22
\BOOKMARK [3][-]{subsubsection.1.5.5}{\376\377\000A\000\040\000S\000c\000a\000l\000a\000r\000\040\000I\000n\000e\000q\000u\000a\000l\000i\000t\000y\000\040\000f\000o\000r\000\040\000B\000e\000r\000n\000s\000t\000e\000i\000n\000'\000s\000\040\000P\000r\000o\000o\000f}{subsection.1.5}% 23
\BOOKMARK [3][-]{subsubsection.1.5.6}{\376\377\000P\000r\000o\000o\000f\000\040\000o\000f\000\040\000B\000e\000r\000n\000s\000t\000e\000i\000n\000'\000s\000\040\000I\000n\000e\000q\000u\000a\000l\000i\000t\000y}{subsection.1.5}% 24
\BOOKMARK [3][-]{subsubsection.1.5.7}{\376\377\000P\000r\000o\000o\000f\000\040\000T\000r\000i\000c\000k\000s\000\040\000W\000o\000r\000t\000h\000\040\000R\000e\000u\000s\000i\000n\000g}{subsection.1.5}% 25
\BOOKMARK [2][-]{subsection.1.6}{\376\377\000C\000o\000n\000n\000e\000c\000t\000i\000o\000n\000\040\000t\000o\000\040\000t\000h\000e\000\040\000W\000e\000e\000k\000\040\0003\000\040\000E\000R\000M\000\040\000P\000r\000o\000o\000f}{section.1}% 26
\BOOKMARK [3][-]{subsubsection.1.6.1}{\376\377\000T\000h\000e\000\040\000L\000e\000a\000r\000n\000i\000n\000g\000-\000T\000h\000e\000o\000r\000e\000t\000i\000c\000\040\000G\000o\000a\000l}{subsection.1.6}% 27
\BOOKMARK [3][-]{subsubsection.1.6.2}{\376\377\000S\000t\000e\000p\000\040\0001\000:\000\040\000A\000\040\000U\000n\000i\000f\000o\000r\000m\000\040\000D\000e\000v\000i\000a\000t\000i\000o\000n\000\040\000Q\000u\000a\000n\000t\000i\000t\000y}{subsection.1.6}% 28
\BOOKMARK [3][-]{subsubsection.1.6.3}{\376\377\000S\000t\000e\000p\000\040\0002\000:\000\040\000M\000c\000D\000i\000a\000r\000m\000i\000d\000\040\000C\000o\000n\000t\000r\000o\000l\000s\000\040\000t\000h\000e\000\040\000F\000l\000u\000c\000t\000u\000a\000t\000i\000o\000n\000\040\000A\000r\000o\000u\000n\000d\000\040\000t\000h\000e\000\040\000M\000e\000a\000n}{subsection.1.6}% 29
\BOOKMARK [3][-]{subsubsection.1.6.4}{\376\377\000S\000t\000e\000p\000\040\0003\000:\000\040\000S\000y\000m\000m\000e\000t\000r\000i\000z\000a\000t\000i\000o\000n}{subsection.1.6}% 30
\BOOKMARK [3][-]{subsubsection.1.6.5}{\376\377\000S\000t\000e\000p\000\040\0004\000:\000\040\000R\000e\000d\000u\000c\000e\000\040\000t\000o\000\040\000t\000h\000e\000\040\000T\000r\000a\000n\000s\000d\000u\000c\000t\000i\000v\000e\000\040\000C\000o\000n\000c\000e\000n\000t\000r\000a\000t\000i\000o\000n\000\040\000P\000r\000o\000b\000l\000e\000m}{subsection.1.6}% 31
\BOOKMARK [3][-]{subsubsection.1.6.6}{\376\377\000S\000t\000e\000p\000\040\0005\000:\000\040\000T\000a\000i\000l\000\040\000I\000n\000t\000e\000g\000r\000a\000t\000i\000o\000n\000\040\000B\000o\000u\000n\000d\000s\000\040\000t\000h\000e\000\040\000M\000e\000a\000n}{subsection.1.6}% 32
\BOOKMARK [3][-]{subsubsection.1.6.7}{\376\377\000S\000t\000e\000p\000\040\0006\000:\000\040\000T\000h\000e\000\040\000F\000i\000n\000a\000l\000\040\000E\000R\000M\000\040\000G\000u\000a\000r\000a\000n\000t\000e\000e}{subsection.1.6}% 33
\BOOKMARK [3][-]{subsubsection.1.6.8}{\376\377\000W\000h\000a\000t\000\040\000E\000a\000c\000h\000\040\000I\000n\000e\000q\000u\000a\000l\000i\000t\000y\000\040\000C\000o\000n\000t\000r\000i\000b\000u\000t\000e\000d}{subsection.1.6}% 34
\BOOKMARK [2][-]{subsection.1.7}{\376\377\000R\000e\000f\000e\000r\000e\000n\000c\000e\000s\000\040\000U\000s\000e\000d}{section.1}% 35
\BOOKMARK [1][-]{section.2}{\376\377\000P\000a\000r\000t\000\040\000B\000:\000\040\000T\000h\000e\000\040\000N\000o\000-\000F\000r\000e\000e\000-\000L\000u\000n\000c\000h\000\040\000T\000h\000e\000o\000r\000e\000m\000\040\000a\000n\000d\000\040\000t\000h\000e\000\040\000F\000u\000n\000d\000a\000m\000e\000n\000t\000a\000l\000\040\000T\000h\000e\000o\000r\000e\000m}{}% 36
\BOOKMARK [2][-]{subsection.2.1}{\376\377\000P\000r\000o\000b\000l\000e\000m\000\040\0001}{section.2}% 37
\BOOKMARK [3][-]{subsubsection.2.1.1}{\376\377\000Q\000u\000a\000n\000t\000i\000f\000i\000e\000r\000s\000\040\000a\000n\000d\000\040\000A\000d\000v\000e\000r\000s\000a\000r\000i\000a\000l\000\040\000C\000h\000o\000i\000c\000e\000s}{subsection.2.1}% 38
\BOOKMARK [3][-]{subsubsection.2.1.2}{\376\377\000T\000h\000e\000\040\000A\000v\000e\000r\000a\000g\000i\000n\000g\000\040\000C\000o\000n\000s\000t\000r\000u\000c\000t\000i\000o\000n}{subsection.2.1}% 39
\BOOKMARK [3][-]{subsubsection.2.1.3}{\376\377\000A\000v\000e\000r\000a\000g\000e\000\040\000P\000o\000p\000u\000l\000a\000t\000i\000o\000n\000\040\000L\000o\000s\000s\000\040\000O\000v\000e\000r\000\040\000R\000a\000n\000d\000o\000m\000\040\000L\000a\000b\000e\000l\000i\000n\000g\000s}{subsection.2.1}% 40
\BOOKMARK [3][-]{subsubsection.2.1.4}{\376\377\000E\000x\000t\000r\000a\000c\000t\000i\000n\000g\000\040\000a\000\040\000S\000i\000n\000g\000l\000e\000\040\000B\000a\000d\000\040\000L\000a\000b\000e\000l\000i\000n\000g}{subsection.2.1}% 41
\BOOKMARK [3][-]{subsubsection.2.1.5}{\376\377\000F\000r\000o\000m\000\040\000E\000x\000p\000e\000c\000t\000e\000d\000\040\000L\000o\000s\000s\000\040\000t\000o\000\040\000C\000o\000n\000s\000t\000a\000n\000t\000-\000P\000r\000o\000b\000a\000b\000i\000l\000i\000t\000y\000\040\000F\000a\000i\000l\000u\000r\000e}{subsection.2.1}% 42
\BOOKMARK [2][-]{subsection.2.2}{\376\377\000P\000r\000o\000b\000l\000e\000m\000\040\0002}{section.2}% 43
\BOOKMARK [3][-]{subsubsection.2.2.1}{\376\377\000C\000o\000r\000o\000l\000l\000a\000r\000y\000\040\000C\000l\000o\000s\000i\000n\000g\000\040\000t\000h\000e\000\040\000L\000o\000w\000e\000r\000-\000B\000o\000u\000n\000d\000\040\000D\000i\000r\000e\000c\000t\000i\000o\000n}{subsection.2.2}% 44
\BOOKMARK [3][-]{subsubsection.2.2.2}{\376\377\000C\000o\000n\000c\000r\000e\000t\000e\000\040\000A\000p\000p\000l\000i\000c\000a\000t\000i\000o\000n\000\040\000t\000o\000\040\000a\000\040\000C\000l\000a\000s\000s\000\040\000o\000f\000\040\000I\000n\000f\000i\000n\000i\000t\000e\000\040\000V\000C\000\040\000D\000i\000m\000e\000n\000s\000i\000o\000n}{subsection.2.2}% 45
\BOOKMARK [2][-]{subsection.2.3}{\376\377\000P\000r\000o\000b\000l\000e\000m\000\040\0003}{section.2}% 46
\BOOKMARK [3][-]{subsubsection.2.3.1}{\376\377\000A\000\040\000C\000o\000n\000c\000r\000e\000t\000e\000\040\000L\000e\000a\000r\000n\000i\000n\000g\000\040\000R\000u\000l\000e}{subsection.2.3}% 47
\BOOKMARK [3][-]{subsubsection.2.3.2}{\376\377\000B\000a\000d\000\040\000D\000i\000s\000t\000r\000i\000b\000u\000t\000i\000o\000n\000\040\000a\000n\000d\000\040\000T\000a\000r\000g\000e\000t}{subsection.2.3}% 48
\BOOKMARK [3][-]{subsubsection.2.3.3}{\376\377\000F\000a\000i\000l\000u\000r\000e\000\040\000C\000a\000l\000c\000u\000l\000a\000t\000i\000o\000n}{subsection.2.3}% 49
\BOOKMARK [2][-]{subsection.2.4}{\376\377\000P\000r\000o\000b\000l\000e\000m\000\040\0004}{section.2}% 50
\BOOKMARK [3][-]{subsubsection.2.4.1}{\376\377\000L\000e\000a\000r\000n\000i\000n\000g\000\040\000S\000e\000t\000t\000i\000n\000g}{subsection.2.4}% 51
\BOOKMARK [3][-]{subsubsection.2.4.2}{\376\377\000A\000d\000v\000e\000r\000s\000a\000r\000y\000\040\000T\000y\000p\000e}{subsection.2.4}% 52
\BOOKMARK [3][-]{subsubsection.2.4.3}{\376\377\000F\000o\000r\000m\000\040\000o\000f\000\040\000t\000h\000e\000\040\000C\000o\000n\000c\000l\000u\000s\000i\000o\000n}{subsection.2.4}% 53
\BOOKMARK [3][-]{subsubsection.2.4.4}{\376\377\000W\000h\000y\000\040\000B\000o\000t\000h\000\040\000A\000r\000e\000\040\000C\000a\000l\000l\000e\000d\000\040\000N\000o\000-\000F\000r\000e\000e\000-\000L\000u\000n\000c\000h}{subsection.2.4}% 54
\BOOKMARK [1][-]{section.3}{\376\377\000P\000a\000r\000t\000\040\000C\000:\000\040\000A\000I\000\040\000U\000s\000a\000g\000e\000\040\000R\000e\000p\000o\000r\000t}{}% 55
